2026-09-27 07:09:48,238 INFO Carte de la scène : 19 repères, calage 0.01359
2026-09-27 07:09:53,076 INFO GTFS: 0 passages indexés près de la caméra
2026-09-27 07:14:58,350 INFO Carte de la scène : 19 repères, calage 0.01359
2026-09-27 07:15:20,413 INFO GTFS: 0 passages indexés près de la caméra
2026-09-27 07:25:37,591 INFO Carte de la scène : 19 repères, calage 0.01359
2026-09-27 07:25:49,086 INFO GTFS: 0 passages indexés près de la caméra
2026-09-27 07:25:50,037 WARNING Historique distant non rapatrié
2026-09-27 07:25:52,907 INFO Historique publié
2026-09-27 07:25:59,376 INFO Recadrage gardé pour Voiture : data/closeups/2026-09-27T14-25-59Z-vehicle-1.jpg
2026-09-27 07:25:59,376 INFO Publié vehicle Voiture
2026-09-27 07:53:29,918 INFO Carte de la scène : 19 repères, calage 0.01359
2026-09-27 07:53:35,319 INFO GTFS: 0 passages indexés près de la caméra
2026-09-27 07:53:36,388 WARNING Historique distant non rapatrié
2026-09-27 07:53:38,693 INFO Historique publié
2026-09-27 09:12:24,271 INFO Carte de la scène : 19 repères, calage 0.01359
2026-09-27 09:12:29,124 INFO GTFS: 0 passages indexés près de la caméra
2026-09-27 09:12:29,905 WARNING Historique distant non rapatrié
2026-09-27 09:12:33,740 INFO Historique publié
2026-09-27 09:59:37,575 INFO Carte de la scène : 19 repères, calage 0.01359
2026-09-27 09:59:42,320 INFO GTFS: 0 passages indexés près de la caméra
2026-09-27 09:59:43,159 WARNING Historique distant non rapatrié
2026-09-27 09:59:46,486 INFO Historique publié
2026-09-27 10:11:56,297 INFO Carte de la scène : 19 repères, calage 0.01359
2026-09-27 10:12:01,262 INFO GTFS: 0 passages indexés près de la caméra
2026-09-27 10:13:06,859 INFO Carte de la scène : 19 repères, calage 0.01359
2026-09-27 10:13:11,140 INFO GTFS: 0 passages indexés près de la caméra
2026-09-27 11:13:47,910 INFO Carte de la scène : 19 repères, calage 0.01359
2026-09-27 11:13:52,137 INFO GTFS: 0 passages indexés près de la caméra
2026-09-27 11:13:52,920 WARNING Historique distant non rapatrié
2026-09-27 11:13:56,395 INFO Historique publié
2026-09-27 11:15:28,676 INFO Candidat slope slope_still
2026-09-27 11:15:28,724 INFO Candidat slope slope_still
2026-09-27 11:15:28,772 INFO Candidat slope slope_still
2026-09-27 11:15:28,873 INFO Candidat slope slope_still
2026-09-27 11:15:28,920 INFO Candidat slope slope_still
2026-09-27 11:15:28,968 INFO Candidat slope slope_still
2026-09-27 11:15:29,017 INFO Candidat slope slope_still
2026-09-27 11:15:29,065 INFO Candidat slope slope_still
2026-09-27 11:15:29,112 INFO Candidat slope slope_still
2026-09-27 11:15:29,159 INFO Candidat slope slope_still
2026-09-27 11:15:29,206 INFO Candidat slope slope_still
2026-09-27 11:15:29,254 INFO Candidat slope slope_still
2026-09-27 11:15:29,301 INFO Candidat slope slope_still
2026-09-27 11:15:29,349 INFO Candidat slope slope_still
2026-09-27 11:15:29,397 INFO Candidat slope slope_still
2026-09-27 11:15:29,444 INFO Candidat slope slope_still
2026-09-27 11:15:29,491 INFO Candidat slope slope_still
2026-09-27 11:15:29,539 INFO Candidat slope slope_still
2026-09-27 11:15:29,586 INFO Candidat slope slope_still
2026-09-27 11:15:29,633 INFO Candidat slope slope_still
2026-09-27 11:15:29,681 INFO Candidat slope slope_still
2026-09-27 11:15:29,729 INFO Candidat slope slope_still
2026-09-27 11:15:29,776 INFO Candidat slope slope_still
2026-09-27 11:15:29,825 INFO Candidat slope slope_still
2026-09-27 11:15:29,873 INFO Candidat slope slope_still
2026-09-27 11:15:29,922 INFO Candidat slope slope_still
2026-09-27 11:15:29,971 INFO Candidat slope slope_still
2026-09-27 11:15:32,422 INFO Candidat slope slope_still
2026-09-27 11:15:32,469 INFO Candidat slope slope_still
2026-09-27 11:15:32,517 INFO Candidat slope slope_still
2026-09-27 11:15:32,566 INFO Candidat slope slope_still
2026-09-27 11:15:32,615 INFO Candidat slope slope_still
2026-09-27 11:15:32,663 INFO Candidat slope slope_still
2026-09-27 11:15:32,710 INFO Candidat slope slope_still
2026-09-27 11:15:32,758 INFO Candidat slope slope_still
[tls @ 0x6ff820fa0] Error in the push function.
2026-09-27 11:29:04,185 WARNING Historique distant non rapatrié
2026-09-27 11:29:07,064 INFO Historique publié
[tls @ 0x70063a440] Error in the push function.
2026-09-27 11:44:06,246 WARNING Historique distant non rapatrié
2026-09-27 11:44:09,492 INFO Historique publié
2026-09-27 11:47:04,517 INFO Carte de la scène : 19 repères, calage 0.01359
av_interleaved_write_frame(): Broken pipe
Error writing trailer of pipe:: Broken pipe
2026-09-27 11:47:08,824 INFO GTFS: 0 passages indexés près de la caméra
av_interleaved_write_frame(): Broken pipe
Error writing trailer of pipe:: Broken pipe
2026-09-27 11:49:29,854 INFO Carte de la scène : 19 repères, calage 0.01359
2026-09-27 11:49:34,123 WARNING Surveillance interrompue 0 min, de 2026-09-27T18:48:45Z à 2026-09-27T18:49:34Z
2026-09-27 11:49:34,147 INFO GTFS: 0 passages indexés près de la caméra
